{
    "failed_checks": [
        {
            "file": "/dev/null",
            "findings": [
                {
                    "resource": "baseline-init",
                    "check_ids": []
                }
            ]
        }
    ],
    "pass_checks": [],
    "evaluation_time": "2024-01-01 00:00:00",
    "meta": {
        "checkov_version": "3.0.0",
        "framework": [
            "kubernetes",
            "terraform",
            "secrets",
            "dockerfile",
            "github_actions"
        ]
    },
    "check_type": "kubernetes",
    "summary": {
        "passed": 0,
        "failed": 0,
        "skipped": 0,
        "parsing_errors": 0,
        "resource_count": 0,
        "checkov_version": "3.0.0"
    }
}